Info: Starting: Create block symbol file (.bsf)
Info: qsys-generate /home/fear/Documents/GIT/UAT/SD_Files/soc_design.qsys --block-symbol-file --output-directory=/home/fear/Documents/GIT/UAT/SD_Files/soc_design --family="Cyclone V" --part=5CSEBA6U23I7
Progress: Loading SD_Files/soc_design.qsys
Progress: Reading input file
Progress: Adding clk_0 [clock_source 24.1]
Progress: Parameterizing module clk_0
Progress: Adding hps_0 [altera_hps 24.1]
Progress: Parameterizing module hps_0
Progress: Adding wind_data_pio [altera_avalon_pio 24.1]
Progress: Parameterizing module wind_data_pio
Progress: Building connections
Progress: Parameterizing connections
Progress: Validating
Progress: Done reading input file
Info: soc_design.hps_0: HPS Main PLL counter settings: n = 0  m = 63
Info: soc_design.hps_0: HPS peripherial PLL counter settings: n = 0  m = 39
Warning: soc_design.hps_0: HPS model no longer supports simulation for HPS FPGA Bridges.
Warning: soc_design.hps_0: ODT is disabled. Enabling ODT (Mode Register 1) may improve signal integrity
Warning: soc_design.hps_0: set_interface_assignment: Interface "hps_io" does not exist
Info: soc_design.wind_data_pio: PIO inputs are not hardwired in test bench. Undefined values will be read from PIO inputs during simulation.
Info: qsys-generate succeeded.
Info: Finished: Create block symbol file (.bsf)
Info: 
Info: Starting: Create HDL design files for synthesis
Info: qsys-generate /home/fear/Documents/GIT/UAT/SD_Files/soc_design.qsys --synthesis=VERILOG --output-directory=/home/fear/Documents/GIT/UAT/SD_Files/soc_design/synthesis --family="Cyclone V" --part=5CSEBA6U23I7
Progress: Loading SD_Files/soc_design.qsys
Progress: Reading input file
Progress: Adding clk_0 [clock_source 24.1]
Progress: Parameterizing module clk_0
Progress: Adding hps_0 [altera_hps 24.1]
Progress: Parameterizing module hps_0
Progress: Adding wind_data_pio [altera_avalon_pio 24.1]
Progress: Parameterizing module wind_data_pio
Progress: Building connections
Progress: Parameterizing connections
Progress: Validating
Progress: Done reading input file
Info: soc_design.hps_0: HPS Main PLL counter settings: n = 0  m = 63
Info: soc_design.hps_0: HPS peripherial PLL counter settings: n = 0  m = 39
Warning: soc_design.hps_0: HPS model no longer supports simulation for HPS FPGA Bridges.
Warning: soc_design.hps_0: ODT is disabled. Enabling ODT (Mode Register 1) may improve signal integrity
Warning: soc_design.hps_0: set_interface_assignment: Interface "hps_io" does not exist
Info: soc_design.wind_data_pio: PIO inputs are not hardwired in test bench. Undefined values will be read from PIO inputs during simulation.
Info: soc_design: Generating "soc_design" for QUARTUS_SYNTH
Info: Interconnect is inserted between master hps_0.h2f_lw_axi_master and slave wind_data_pio.s1 because the master is of type axi and the slave is of type avalon.
Info: hps_0: "Running  for module: hps_0"
Info: hps_0: HPS Main PLL counter settings: n = 0  m = 63
Info: hps_0: HPS peripherial PLL counter settings: n = 0  m = 39
Warning: hps_0: HPS model no longer supports simulation for HPS FPGA Bridges.
Warning: hps_0: ODT is disabled. Enabling ODT (Mode Register 1) may improve signal integrity
Warning: hps_0: set_interface_assignment: Interface "hps_io" does not exist
Info: hps_0: "soc_design" instantiated altera_hps "hps_0"
Info: wind_data_pio: Starting RTL generation for module 'soc_design_wind_data_pio'
Info: wind_data_pio:   Generation command is [exec /nix/store/hkcvarym2pmicgg4589himxlgl1yyd8d-quartus-prime-lite-unwrapped-24.1std.0.1077/quartus/linux64/perl/bin/perl -I /nix/store/hkcvarym2pmicgg4589himxlgl1yyd8d-quartus-prime-lite-unwrapped-24.1std.0.1077/quartus/linux64/perl/lib -I /nix/store/hkcvarym2pmicgg4589himxlgl1yyd8d-quartus-prime-lite-unwrapped-24.1std.0.1077/quartus/sopc_builder/bin/europa -I /nix/store/hkcvarym2pmicgg4589himxlgl1yyd8d-quartus-prime-lite-unwrapped-24.1std.0.1077/quartus/sopc_builder/bin -I /nix/store/hkcvarym2pmicgg4589himxlgl1yyd8d-quartus-prime-lite-unwrapped-24.1std.0.1077/quartus/../ip/altera/sopc_builder_ip/common -I /nix/store/hkcvarym2pmicgg4589himxlgl1yyd8d-quartus-prime-lite-unwrapped-24.1std.0.1077/quartus/../ip/altera/sopc_builder_ip/altera_avalon_pio -- /nix/store/hkcvarym2pmicgg4589himxlgl1yyd8d-quartus-prime-lite-unwrapped-24.1std.0.1077/quartus/../ip/altera/sopc_builder_ip/altera_avalon_pio/generate_rtl.pl --name=soc_design_wind_data_pio --dir=/tmp/alt0577_5338478013578346191.dir/0002_wind_data_pio_gen/ --quartus_dir=/nix/store/hkcvarym2pmicgg4589himxlgl1yyd8d-quartus-prime-lite-unwrapped-24.1std.0.1077/quartus --verilog --config=/tmp/alt0577_5338478013578346191.dir/0002_wind_data_pio_gen//soc_design_wind_data_pio_component_configuration.pl  --do_build_sim=0  ]
Info: wind_data_pio: Done RTL generation for module 'soc_design_wind_data_pio'
Info: wind_data_pio: "soc_design" instantiated altera_avalon_pio "wind_data_pio"
Info: avalon_st_adapter: Inserting error_adapter: error_adapter_0
Info: mm_interconnect_0: "soc_design" instantiated altera_mm_interconnect "mm_interconnect_0"
Info: rst_controller: "soc_design" instantiated altera_reset_controller "rst_controller"
Info: fpga_interfaces: "hps_0" instantiated altera_interface_generator "fpga_interfaces"
Info: hps_io: "hps_0" instantiated altera_hps_io "hps_io"
Info: wind_data_pio_s1_translator: "mm_interconnect_0" instantiated altera_merlin_slave_translator "wind_data_pio_s1_translator"
Info: hps_0_h2f_lw_axi_master_agent: "mm_interconnect_0" instantiated altera_merlin_axi_master_ni "hps_0_h2f_lw_axi_master_agent"
Info: wind_data_pio_s1_agent: "mm_interconnect_0" instantiated altera_merlin_slave_agent "wind_data_pio_s1_agent"
Info: wind_data_pio_s1_agent_rsp_fifo: "mm_interconnect_0" instantiated altera_avalon_sc_fifo "wind_data_pio_s1_agent_rsp_fifo"
Info: router: "mm_interconnect_0" instantiated altera_merlin_router "router"
Info: router_002: "mm_interconnect_0" instantiated altera_merlin_router "router_002"
Info: wind_data_pio_s1_burst_adapter: "mm_interconnect_0" instantiated altera_merlin_burst_adapter "wind_data_pio_s1_burst_adapter"
Info: Reusing file /home/fear/Documents/GIT/UAT/SD_Files/soc_design/synthesis/submodules/altera_merlin_address_alignment.sv
Info: cmd_demux: "mm_interconnect_0" instantiated altera_merlin_demultiplexer "cmd_demux"
Info: cmd_mux: "mm_interconnect_0" instantiated altera_merlin_multiplexer "cmd_mux"
Info: rsp_demux: "mm_interconnect_0" instantiated altera_merlin_demultiplexer "rsp_demux"
Info: rsp_mux: "mm_interconnect_0" instantiated altera_merlin_multiplexer "rsp_mux"
Info: Reusing file /home/fear/Documents/GIT/UAT/SD_Files/soc_design/synthesis/submodules/altera_merlin_arbitrator.sv
Info: avalon_st_adapter: "mm_interconnect_0" instantiated altera_avalon_st_adapter "avalon_st_adapter"
Info: border: "hps_io" instantiated altera_interface_generator "border"
Info: error_adapter_0: "avalon_st_adapter" instantiated error_adapter "error_adapter_0"
Info: soc_design: Done "soc_design" with 21 modules, 76 files
Info: qsys-generate succeeded.
Info: Finished: Create HDL design files for synthesis
